// Jest Snapshot v1, https://goo.gl/fbAQLP

exports[`Game Page matches snapshop 1`] = `
<div
  className="game-wrapper"
/>
`;
