// Jest Snapshot v1, https://goo.gl/fbAQLP

exports[`Header matches snapshop 1`] = `
<div
  className="game-header"
/>
`;
